2025-12-10 23:56:55,347 - shared_utils.utils - INFO - Logging initialized. Log file: logs\training_20251210_235655.log
2025-12-10 23:56:55,348 - shared_utils.utils - INFO - Starting Subtask 1: Polarization Detection
2025-12-10 23:56:55,370 - shared_utils.utils - INFO - Device info: {'cuda_available': True, 'cuda_device_count': 1, 'cuda_version': '12.1', 'device': 'cuda'}
2025-12-10 23:56:55,374 - shared_utils.utils - INFO - Loading config from: subtask1/config/config.yaml
2025-12-10 23:56:55,380 - shared_utils.utils - INFO - Configuration:
{
  "data": {
    "train_path": "subtask1/data/train",
    "test_path": "subtask1/data/test",
    "dev_path": null,
    "languages": [
      "eng",
      "arb"
    ],
    "random_seed": 42,
    "stratify": true
  },
  "task": {
    "task_name": "Subtask1_PolarizationDetection",
    "task_type": "binary_classification",
    "num_classes": 2,
    "labels": {
      "0": "non-polarized",
      "1": "polarized"
    },
    "label_column": "polarization",
    "text_column": "text",
    "id_column": "id"
  },
  "svm": {
    "enabled": true,
    "model_name": "SVM_TF-IDF",
    "model_type": "sklearn",
    "vectorizer": {
      "type": "tfidf",
      "max_features": 5000,
      "ngram_range": [
        1,
        2
      ],
      "min_df": 2,
      "max_df": 0.95,
      "lowercase": true,
      "stop_words": "english"
    },
    "svm_params": {
      "kernel": "rbf",
      "C": 1.0,
      "gamma": "scale",
      "class_weight": "balanced",
      "max_iter": 1000,
      "probability": true,
      "random_state": 42
    },
    "training": {
      "batch_size": null,
      "epochs": 1,
      "validation_split": 0.1,
      "early_stopping": false,
      "verbose": true
    },
    "output_dir": "subtask1/models/svm",
    "save_model": true,
    "model_format": "pickle"
  },
  "xlm_roberta": {
    "enabled": true,
    "model_name": "xlm-roberta-base",
    "model_type": "transformer",
    "pretrained_model": "xlm-roberta-base",
    "tokenizer": {
      "max_length": 256,
      "padding": "max_length",
      "truncation": true,
      "add_special_tokens": true
    },
    "model": {
      "num_labels": 2,
      "hidden_dropout_prob": 0.1,
      "attention_probs_dropout_prob": 0.1,
      "output_attentions": false,
      "output_hidden_states": false
    },
    "training": {
      "batch_size": 16,
      "epochs": 3,
      "learning_rate": "2e-5",
      "warmup_steps": 500,
      "weight_decay": 0.01,
      "gradient_accumulation_steps": 1,
      "max_grad_norm": 1.0,
      "validation_split": 0.1,
      "early_stopping": true,
      "early_stopping_patience": 2,
      "eval_steps": 100,
      "save_steps": 500,
      "logging_steps": 50,
      "optimizer": "adamw",
      "scheduler": "linear",
      "verbose": true
    },
    "device": {
      "use_cuda": true,
      "device_ids": [
        0
      ],
      "mixed_precision": "no"
    },
    "output_dir": "subtask1/models/xlm_roberta",
    "save_model": true,
    "save_tokenizer": true,
    "model_format": "huggingface",
    "save_best_only": true
  },
  "rembert": {
    "enabled": true,
    "model_name": "rembert",
    "model_type": "transformer",
    "pretrained_model": "google/rembert",
    "tokenizer": {
      "max_length": 256,
      "padding": "max_length",
      "truncation": true,
      "add_special_tokens": true
    },
    "model": {
      "num_labels": 2,
      "hidden_dropout_prob": 0.1,
      "attention_probs_dropout_prob": 0.1,
      "output_attentions": false,
      "output_hidden_states": false
    },
    "training": {
      "batch_size": 16,
      "epochs": 3,
      "learning_rate": "2e-5",
      "warmup_steps": 500,
      "weight_decay": 0.01,
      "gradient_accumulation_steps": 1,
      "max_grad_norm": 1.0,
      "validation_split": 0.1,
      "early_stopping": true,
      "early_stopping_patience": 2,
      "eval_steps": 100,
      "save_steps": 500,
      "logging_steps": 50,
      "optimizer": "adamw",
      "scheduler": "linear",
      "verbose": true
    },
    "device": {
      "use_cuda": true,
      "device_ids": [
        0
      ],
      "mixed_precision": "no"
    },
    "output_dir": "subtask1/models/rembert",
    "save_model": true,
    "save_tokenizer": true,
    "model_format": "huggingface",
    "save_best_only": true
  },
  "evaluation": {
    "metrics": [
      "accuracy",
      "precision",
      "recall",
      "f1",
      "auc_roc",
      "confusion_matrix"
    ],
    "average": "weighted",
    "report_per_language": true,
    "save_predictions": true,
    "predictions_format": "csv"
  },
  "logging": {
    "log_level": "INFO",
    "log_dir": "logs",
    "log_file": "training.log",
    "save_best_model": true,
    "checkpoint_dir": "checkpoints"
  },
  "general": {
    "seed": 42,
    "num_workers": 4,
    "pin_memory": true,
    "deterministic": true,
    "verbose": true,
    "experiment_name": "subtask1_polarization_detection",
    "timestamp": true
  }
}
2025-12-10 23:56:55,380 - shared_utils.utils - INFO - Loading data...
2025-12-10 23:56:55,392 - shared_utils.data_loader - INFO - Loaded 2676 samples from subtask1\data\train\eng.csv
2025-12-10 23:56:55,412 - shared_utils.data_loader - INFO - Loaded 3380 samples from subtask1\data\train\arb.csv
2025-12-10 23:56:55,413 - shared_utils.data_loader - INFO - Loaded 133 samples from subtask1\data\test\eng.csv
2025-12-10 23:56:55,418 - shared_utils.data_loader - INFO - Loaded 169 samples from subtask1\data\test\arb.csv
2025-12-10 23:56:55,418 - shared_utils.data_loader - WARNING - Split directory not found: subtask1\data\dev
2025-12-10 23:56:55,420 - shared_utils.utils - INFO - Test set size: 302
2025-12-10 23:56:55,420 - shared_utils.utils - INFO - 
============================================================
2025-12-10 23:56:55,420 - shared_utils.utils - INFO - TRAINING MODELS FOR LANGUAGE: ENG
2025-12-10 23:56:55,420 - shared_utils.utils - INFO - ============================================================
2025-12-10 23:56:55,420 - shared_utils.utils - INFO - Train set size (eng): 2676
2025-12-10 23:56:55,420 - shared_utils.utils - INFO - Train split (eng): 2408, Val split: 268
2025-12-10 23:56:55,420 - shared_utils.data_loader - INFO - 
==================================================
2025-12-10 23:56:55,420 - shared_utils.data_loader - INFO - Statistics for language_eng split
2025-12-10 23:56:55,420 - shared_utils.data_loader - INFO - ==================================================
2025-12-10 23:56:55,420 - shared_utils.data_loader - INFO - 
Language: train
2025-12-10 23:56:55,431 - shared_utils.data_loader - INFO -   total_samples: 2408
2025-12-10 23:56:55,431 - shared_utils.data_loader - INFO -   languages: {'eng': 2408}
2025-12-10 23:56:55,431 - shared_utils.data_loader - INFO -   avg_text_length: 12.388704318936878
2025-12-10 23:56:55,431 - shared_utils.data_loader - INFO -   min_text_length: 4
2025-12-10 23:56:55,431 - shared_utils.data_loader - INFO -   max_text_length: 60
2025-12-10 23:56:55,431 - shared_utils.data_loader - INFO -   polarization_distribution: {0: 1506, 1: 902}
2025-12-10 23:56:55,431 - shared_utils.data_loader - INFO - 
Language: val
2025-12-10 23:56:55,433 - shared_utils.data_loader - INFO -   total_samples: 268
2025-12-10 23:56:55,433 - shared_utils.data_loader - INFO -   languages: {'eng': 268}
2025-12-10 23:56:55,433 - shared_utils.data_loader - INFO -   avg_text_length: 12.294776119402986
2025-12-10 23:56:55,433 - shared_utils.data_loader - INFO -   min_text_length: 5
2025-12-10 23:56:55,433 - shared_utils.data_loader - INFO -   max_text_length: 48
2025-12-10 23:56:55,433 - shared_utils.data_loader - INFO -   polarization_distribution: {0: 168, 1: 100}
2025-12-10 23:56:55,433 - shared_utils.utils - INFO - ==================================================
2025-12-10 23:56:55,434 - shared_utils.utils - INFO - Training SVM Model
2025-12-10 23:56:55,434 - shared_utils.utils - INFO - ==================================================
2025-12-10 23:56:55,504 - shared_utils.utils - INFO - Fitting SVM model...
2025-12-10 23:56:56,734 - shared_utils.utils - INFO - Evaluating on validation set...
2025-12-10 23:56:56,792 - shared_utils.utils - INFO - Validation Metrics: {'accuracy': 0.7350746268656716, 'precision': 0.6435643564356436, 'recall': 0.65, 'f1': 0.6467661691542289, 'auc_roc': 0.7851190476190476}
2025-12-10 23:56:56,820 - shared_utils.utils - INFO - Model saved to subtask1/models/svm\svm_model.joblib
2025-12-10 23:56:56,820 - shared_utils.utils - INFO - ==================================================
2025-12-10 23:56:56,820 - shared_utils.utils - INFO - Training xlm_roberta Model
2025-12-10 23:56:56,820 - shared_utils.utils - INFO - ==================================================
2025-12-10 23:56:58,853 - shared_utils.utils - INFO - Using device: cuda
2025-12-10 23:56:58,853 - shared_utils.utils - INFO - Loading pretrained model: xlm-roberta-base
2025-12-10 23:57:03,298 - shared_utils.utils - INFO - Starting training...
2025-12-10 23:58:22,136 - shared_utils.utils - INFO - Epoch 1 - Train Loss: 0.6507
2025-12-10 23:58:24,390 - shared_utils.utils - INFO - Epoch 1 - Val Metrics: {'accuracy': 0.6268656716417911, 'precision': 0.0, 'recall': 0.0, 'f1': 0.0, 'auc_roc': 0.8270833333333333}
2025-12-10 23:59:56,325 - shared_utils.utils - INFO - Epoch 2 - Train Loss: 0.5580
2025-12-10 23:59:58,982 - shared_utils.utils - INFO - Epoch 2 - Val Metrics: {'accuracy': 0.7649253731343284, 'precision': 0.6608695652173913, 'recall': 0.76, 'f1': 0.7069767441860465, 'auc_roc': 0.8281547619047619}
2025-12-11 00:00:02,580 - shared_utils.utils - INFO - Saved best model with F1: 0.7070
2025-12-11 00:01:32,228 - shared_utils.utils - INFO - Epoch 3 - Train Loss: 0.4666
2025-12-11 00:01:34,674 - shared_utils.utils - INFO - Epoch 3 - Val Metrics: {'accuracy': 0.7686567164179104, 'precision': 0.6439393939393939, 'recall': 0.85, 'f1': 0.7327586206896551, 'auc_roc': 0.8357738095238095}
2025-12-11 00:01:41,408 - shared_utils.utils - INFO - Saved best model with F1: 0.7328
2025-12-11 00:01:41,414 - shared_utils.utils - INFO - ==================================================
2025-12-11 00:01:41,415 - shared_utils.utils - INFO - Training rembert Model
2025-12-11 00:01:41,415 - shared_utils.utils - INFO - ==================================================
2025-12-11 00:01:41,418 - shared_utils.utils - INFO - Using device: cuda
2025-12-11 00:01:41,418 - shared_utils.utils - INFO - Loading pretrained model: google/rembert
2025-12-11 00:01:42,538 - huggingface_hub.file_download - WARNING - Xet Storage is enabled for this repo, but the 'hf_xet' package is not installed. Falling back to regular HTTP download. For better performance, install the package with: `pip install huggingface_hub[hf_xet]` or `pip install hf_xet`
2025-12-11 00:01:50,190 - huggingface_hub.file_download - WARNING - Xet Storage is enabled for this repo, but the 'hf_xet' package is not installed. Falling back to regular HTTP download. For better performance, install the package with: `pip install huggingface_hub[hf_xet]` or `pip install hf_xet`
