2025-12-10 23:50:11,130 - shared_utils.utils - INFO - Logging initialized. Log file: logs\training_20251210_235011.log
2025-12-10 23:50:11,130 - shared_utils.utils - INFO - Starting Subtask 1: Polarization Detection
2025-12-10 23:50:11,172 - shared_utils.utils - INFO - Device info: {'cuda_available': True, 'cuda_device_count': 1, 'cuda_version': '12.1', 'device': 'cuda'}
2025-12-10 23:50:11,174 - shared_utils.utils - INFO - Loading config from: subtask1/config/config.yaml
2025-12-10 23:50:11,201 - shared_utils.utils - INFO - Configuration:
{
  "data": {
    "train_path": "subtask1/data/train",
    "test_path": "subtask1/data/test",
    "dev_path": null,
    "languages": [
      "eng",
      "arb"
    ],
    "random_seed": 42,
    "stratify": true
  },
  "task": {
    "task_name": "Subtask1_PolarizationDetection",
    "task_type": "binary_classification",
    "num_classes": 2,
    "labels": {
      "0": "non-polarized",
      "1": "polarized"
    },
    "label_column": "polarization",
    "text_column": "text",
    "id_column": "id"
  },
  "svm": {
    "enabled": true,
    "model_name": "SVM_TF-IDF",
    "model_type": "sklearn",
    "vectorizer": {
      "type": "tfidf",
      "max_features": 5000,
      "ngram_range": [
        1,
        2
      ],
      "min_df": 2,
      "max_df": 0.95,
      "lowercase": true,
      "stop_words": "english"
    },
    "svm_params": {
      "kernel": "rbf",
      "C": 1.0,
      "gamma": "scale",
      "class_weight": "balanced",
      "max_iter": 1000,
      "probability": true,
      "random_state": 42
    },
    "training": {
      "batch_size": null,
      "epochs": 1,
      "validation_split": 0.1,
      "early_stopping": false,
      "verbose": true
    },
    "output_dir": "subtask1/models/svm",
    "save_model": true,
    "model_format": "pickle"
  },
  "xlm_roberta": {
    "enabled": false,
    "model_name": "xlm-roberta-base",
    "model_type": "transformer",
    "pretrained_model": "xlm-roberta-base",
    "tokenizer": {
      "max_length": 256,
      "padding": "max_length",
      "truncation": true,
      "add_special_tokens": true
    },
    "model": {
      "num_labels": 2,
      "hidden_dropout_prob": 0.1,
      "attention_probs_dropout_prob": 0.1,
      "output_attentions": false,
      "output_hidden_states": false
    },
    "training": {
      "batch_size": 16,
      "epochs": 3,
      "learning_rate": "2e-5",
      "warmup_steps": 500,
      "weight_decay": 0.01,
      "gradient_accumulation_steps": 1,
      "max_grad_norm": 1.0,
      "validation_split": 0.1,
      "early_stopping": true,
      "early_stopping_patience": 2,
      "eval_steps": 100,
      "save_steps": 500,
      "logging_steps": 50,
      "optimizer": "adamw",
      "scheduler": "linear",
      "verbose": true
    },
    "device": {
      "use_cuda": true,
      "device_ids": [
        0
      ],
      "mixed_precision": "no"
    },
    "output_dir": "subtask1/models/xlm_roberta",
    "save_model": true,
    "save_tokenizer": true,
    "model_format": "huggingface",
    "save_best_only": true
  },
  "rembert": {
    "enabled": false,
    "model_name": "rembert",
    "model_type": "transformer",
    "pretrained_model": "google/rembert",
    "tokenizer": {
      "max_length": 256,
      "padding": "max_length",
      "truncation": true,
      "add_special_tokens": true
    },
    "model": {
      "num_labels": 2,
      "hidden_dropout_prob": 0.1,
      "attention_probs_dropout_prob": 0.1,
      "output_attentions": false,
      "output_hidden_states": false
    },
    "training": {
      "batch_size": 16,
      "epochs": 3,
      "learning_rate": "2e-5",
      "warmup_steps": 500,
      "weight_decay": 0.01,
      "gradient_accumulation_steps": 1,
      "max_grad_norm": 1.0,
      "validation_split": 0.1,
      "early_stopping": true,
      "early_stopping_patience": 2,
      "eval_steps": 100,
      "save_steps": 500,
      "logging_steps": 50,
      "optimizer": "adamw",
      "scheduler": "linear",
      "verbose": true
    },
    "device": {
      "use_cuda": true,
      "device_ids": [
        0
      ],
      "mixed_precision": "no"
    },
    "output_dir": "subtask1/models/rembert",
    "save_model": true,
    "save_tokenizer": true,
    "model_format": "huggingface",
    "save_best_only": true
  },
  "evaluation": {
    "metrics": [
      "accuracy",
      "precision",
      "recall",
      "f1",
      "auc_roc",
      "confusion_matrix"
    ],
    "average": "weighted",
    "report_per_language": true,
    "save_predictions": true,
    "predictions_format": "csv"
  },
  "logging": {
    "log_level": "INFO",
    "log_dir": "logs",
    "log_file": "training.log",
    "save_best_model": true,
    "checkpoint_dir": "checkpoints"
  },
  "general": {
    "seed": 42,
    "num_workers": 4,
    "pin_memory": true,
    "deterministic": true,
    "verbose": true,
    "experiment_name": "subtask1_polarization_detection",
    "timestamp": true
  }
}
2025-12-10 23:50:11,201 - shared_utils.utils - INFO - Loading data...
2025-12-10 23:50:11,218 - shared_utils.data_loader - INFO - Loaded 2676 samples from subtask1\data\train\eng.csv
2025-12-10 23:50:11,238 - shared_utils.data_loader - INFO - Loaded 3380 samples from subtask1\data\train\arb.csv
2025-12-10 23:50:11,240 - shared_utils.data_loader - INFO - Loaded 133 samples from subtask1\data\test\eng.csv
2025-12-10 23:50:11,244 - shared_utils.data_loader - INFO - Loaded 169 samples from subtask1\data\test\arb.csv
2025-12-10 23:50:11,244 - shared_utils.data_loader - WARNING - Split directory not found: subtask1\data\dev
2025-12-10 23:50:11,247 - shared_utils.utils - INFO - Train set size: 6056
2025-12-10 23:50:11,247 - shared_utils.utils - INFO - Test set size: 302
2025-12-10 23:50:11,252 - shared_utils.utils - INFO - Train split: 5450, Val split: 606
2025-12-10 23:50:11,252 - shared_utils.data_loader - INFO - 
==================================================
2025-12-10 23:50:11,253 - shared_utils.data_loader - INFO - Statistics for full_dataset split
2025-12-10 23:50:11,253 - shared_utils.data_loader - INFO - ==================================================
2025-12-10 23:50:11,253 - shared_utils.data_loader - INFO - 
Language: train
2025-12-10 23:50:11,277 - shared_utils.data_loader - INFO -   total_samples: 5450
2025-12-10 23:50:11,280 - shared_utils.data_loader - INFO -   languages: {'arb': 3038, 'eng': 2412}
2025-12-10 23:50:11,280 - shared_utils.data_loader - INFO -   avg_text_length: 14.808440366972476
2025-12-10 23:50:11,280 - shared_utils.data_loader - INFO -   min_text_length: 5
2025-12-10 23:50:11,280 - shared_utils.data_loader - INFO -   max_text_length: 88
2025-12-10 23:50:11,280 - shared_utils.data_loader - INFO -   polarization_distribution: {0: 3188, 1: 2262}
2025-12-10 23:50:11,280 - shared_utils.data_loader - INFO - 
Language: val
2025-12-10 23:50:11,286 - shared_utils.data_loader - INFO -   total_samples: 606
2025-12-10 23:50:11,286 - shared_utils.data_loader - INFO -   languages: {'arb': 342, 'eng': 264}
2025-12-10 23:50:11,286 - shared_utils.data_loader - INFO -   avg_text_length: 14.696369636963697
2025-12-10 23:50:11,286 - shared_utils.data_loader - INFO -   min_text_length: 4
2025-12-10 23:50:11,286 - shared_utils.data_loader - INFO -   max_text_length: 61
2025-12-10 23:50:11,286 - shared_utils.data_loader - INFO -   polarization_distribution: {0: 354, 1: 252}
2025-12-10 23:50:11,286 - shared_utils.data_loader - INFO - 
Language: test
2025-12-10 23:50:11,290 - shared_utils.data_loader - INFO -   total_samples: 302
2025-12-10 23:50:11,290 - shared_utils.data_loader - INFO -   languages: {'arb': 169, 'eng': 133}
2025-12-10 23:50:11,291 - shared_utils.data_loader - INFO -   avg_text_length: 14.937086092715232
2025-12-10 23:50:11,291 - shared_utils.data_loader - INFO -   min_text_length: 5
2025-12-10 23:50:11,291 - shared_utils.data_loader - INFO -   max_text_length: 58
2025-12-10 23:50:11,291 - shared_utils.data_loader - INFO -   polarization_distribution: {}
2025-12-10 23:50:11,292 - shared_utils.utils - INFO - ==================================================
2025-12-10 23:50:11,292 - shared_utils.utils - INFO - Training SVM Model
2025-12-10 23:50:11,292 - shared_utils.utils - INFO - ==================================================
2025-12-10 23:50:11,360 - shared_utils.utils - INFO - Fitting SVM model...
2025-12-10 23:50:14,319 - shared_utils.utils - INFO - Evaluating on validation set...
2025-12-10 23:50:14,443 - shared_utils.utils - INFO - Validation Metrics: {'accuracy': 0.42574257425742573, 'precision': 0.42, 'recall': 1.0, 'f1': 0.5915492957746479, 'auc_roc': 0.7466650973006905}
2025-12-10 23:50:14,494 - shared_utils.utils - INFO - Model saved to subtask1/models/svm\svm_model.joblib
2025-12-10 23:50:14,495 - shared_utils.utils - INFO - 
==================================================
2025-12-10 23:50:14,495 - shared_utils.utils - INFO - MAKING TEST SET PREDICTIONS
2025-12-10 23:50:14,495 - shared_utils.utils - INFO - ==================================================
2025-12-10 23:50:14,495 - shared_utils.utils - INFO - 
Generating predictions with svm...
2025-12-10 23:50:14,562 - shared_utils.utils - INFO - Predictions saved to subtask1/models/svm\test_predictions.csv
2025-12-10 23:50:14,562 - shared_utils.utils - INFO - Total predictions: 302
2025-12-10 23:50:14,562 - shared_utils.utils - INFO - 
==================================================
2025-12-10 23:50:14,562 - shared_utils.utils - INFO - TRAINING SUMMARY
2025-12-10 23:50:14,565 - shared_utils.utils - INFO - ==================================================
2025-12-10 23:50:14,565 - shared_utils.utils - INFO - 
svm:
2025-12-10 23:50:14,565 - shared_utils.utils - INFO -   accuracy: 0.4257
2025-12-10 23:50:14,565 - shared_utils.utils - INFO -   precision: 0.4200
2025-12-10 23:50:14,565 - shared_utils.utils - INFO -   recall: 1.0000
2025-12-10 23:50:14,566 - shared_utils.utils - INFO -   f1: 0.5915
2025-12-10 23:50:14,566 - shared_utils.utils - INFO -   auc_roc: 0.7467
