2026-01-06 23:00:27,886 - shared_utils.utils - INFO - Logging initialized. Log file: logs\training_20260106_230027.log
2026-01-06 23:00:27,887 - shared_utils.utils - INFO - Starting Subtask 1: Polarization Detection
2026-01-06 23:00:27,991 - shared_utils.utils - INFO - Device info: {'cuda_available': True, 'cuda_device_count': 1, 'cuda_version': '12.1', 'device': 'cuda', 'cuda_device_name': 'NVIDIA GeForce RTX 4060 Laptop GPU', 'cuda_capability': (8, 9)}
2026-01-06 23:00:27,992 - shared_utils.utils - INFO - Loading config from: config/config.yaml
2026-01-06 23:00:28,010 - shared_utils.utils - INFO - Configuration:
{
  "data": {
    "train_path": "data/train",
    "test_path": "data/test",
    "dev_path": null,
    "languages": [
      "eng",
      "arb"
    ],
    "random_seed": 42,
    "stratify": true
  },
  "task": {
    "task_name": "Subtask1_PolarizationDetection",
    "task_type": "binary_classification",
    "num_classes": 2,
    "labels": {
      "0": "non-polarized",
      "1": "polarized"
    },
    "label_column": "polarization",
    "text_column": "text",
    "id_column": "id"
  },
  "svm": {
    "enabled": true,
    "model_name": "SVM_TF-IDF",
    "model_type": "sklearn",
    "vectorizer": {
      "type": "tfidf",
      "max_features": 5000,
      "ngram_range": [
        1,
        2
      ],
      "min_df": 2,
      "max_df": 0.95,
      "lowercase": true,
      "stop_words": "english"
    },
    "svm_params": {
      "kernel": "rbf",
      "C": 1.0,
      "gamma": "scale",
      "class_weight": "balanced",
      "max_iter": 1000,
      "probability": true,
      "random_state": 42
    },
    "training": {
      "batch_size": null,
      "epochs": 1,
      "validation_split": 0.1,
      "early_stopping": false,
      "verbose": true
    },
    "output_dir": "subtask1/models/svm",
    "save_model": true,
    "model_format": "pickle"
  },
  "xlm_roberta": {
    "enabled": true,
    "model_name": "xlm-roberta-base",
    "model_type": "transformer",
    "pretrained_model": "xlm-roberta-base",
    "tokenizer": {
      "max_length": 256,
      "padding": "max_length",
      "truncation": true,
      "add_special_tokens": true
    },
    "model": {
      "num_labels": 2,
      "hidden_dropout_prob": 0.1,
      "attention_probs_dropout_prob": 0.1,
      "output_attentions": false,
      "output_hidden_states": false
    },
    "training": {
      "batch_size": 16,
      "epochs": 3,
      "learning_rate": "2e-5",
      "warmup_steps": 500,
      "weight_decay": 0.01,
      "gradient_accumulation_steps": 1,
      "max_grad_norm": 1.0,
      "validation_split": 0.1,
      "early_stopping": true,
      "early_stopping_patience": 2,
      "eval_steps": 100,
      "save_steps": 500,
      "logging_steps": 50,
      "optimizer": "adamw",
      "scheduler": "linear",
      "verbose": true
    },
    "device": {
      "use_cuda": true,
      "device_ids": [
        0
      ],
      "mixed_precision": "no"
    },
    "output_dir": "subtask1/models/xlm_roberta",
    "save_model": true,
    "save_tokenizer": true,
    "model_format": "huggingface",
    "save_best_only": true
  },
  "rembert": {
    "enabled": true,
    "model_name": "rembert",
    "model_type": "transformer",
    "pretrained_model": "google/rembert",
    "tokenizer": {
      "max_length": 256,
      "padding": "max_length",
      "truncation": true,
      "add_special_tokens": true
    },
    "model": {
      "num_labels": 2,
      "hidden_dropout_prob": 0.1,
      "attention_probs_dropout_prob": 0.1,
      "output_attentions": false,
      "output_hidden_states": false
    },
    "training": {
      "batch_size": 16,
      "epochs": 3,
      "learning_rate": "2e-5",
      "warmup_steps": 500,
      "weight_decay": 0.01,
      "gradient_accumulation_steps": 1,
      "max_grad_norm": 1.0,
      "validation_split": 0.1,
      "early_stopping": true,
      "early_stopping_patience": 2,
      "eval_steps": 100,
      "save_steps": 500,
      "logging_steps": 50,
      "optimizer": "adamw",
      "scheduler": "linear",
      "verbose": true
    },
    "device": {
      "use_cuda": true,
      "device_ids": [
        0
      ],
      "mixed_precision": "no"
    },
    "output_dir": "subtask1/models/rembert",
    "save_model": true,
    "save_tokenizer": true,
    "model_format": "huggingface",
    "save_best_only": true
  },
  "evaluation": {
    "metrics": [
      "accuracy",
      "precision",
      "recall",
      "f1",
      "auc_roc",
      "confusion_matrix"
    ],
    "average": "weighted",
    "report_per_language": true,
    "save_predictions": true,
    "predictions_format": "csv"
  },
  "logging": {
    "log_level": "INFO",
    "log_dir": "logs",
    "log_file": "training.log",
    "save_best_model": true,
    "checkpoint_dir": "checkpoints"
  },
  "general": {
    "seed": 42,
    "num_workers": 4,
    "pin_memory": true,
    "deterministic": true,
    "verbose": true,
    "experiment_name": "subtask1_polarization_detection",
    "timestamp": true
  }
}
2026-01-06 23:00:28,011 - shared_utils.utils - INFO - Loading data...
2026-01-06 23:00:28,039 - shared_utils.data_loader - INFO - Loaded 2676 samples from data\train\eng.csv
2026-01-06 23:00:28,057 - shared_utils.data_loader - INFO - Loaded 3380 samples from data\train\arb.csv
2026-01-06 23:00:28,060 - shared_utils.data_loader - INFO - Loaded 133 samples from data\test\eng.csv
2026-01-06 23:00:28,063 - shared_utils.data_loader - INFO - Loaded 169 samples from data\test\arb.csv
2026-01-06 23:00:28,064 - shared_utils.data_loader - WARNING - Split directory not found: data\dev
2026-01-06 23:00:28,065 - shared_utils.utils - INFO - Test set size: 302
2026-01-06 23:00:28,065 - shared_utils.utils - INFO - 
============================================================
2026-01-06 23:00:28,065 - shared_utils.utils - INFO - TRAINING MODELS FOR LANGUAGE: ENG
2026-01-06 23:00:28,065 - shared_utils.utils - INFO - ============================================================
2026-01-06 23:00:28,066 - shared_utils.utils - INFO - Train set size (eng): 2676
2026-01-06 23:00:28,066 - shared_utils.data_loader - INFO - 
==================================================
2026-01-06 23:00:28,066 - shared_utils.data_loader - INFO - Statistics for language_eng split
2026-01-06 23:00:28,067 - shared_utils.data_loader - INFO - ==================================================
2026-01-06 23:00:28,067 - shared_utils.data_loader - INFO - 
Language: train
2026-01-06 23:00:28,083 - shared_utils.data_loader - INFO -   total_samples: 2676
2026-01-06 23:00:28,083 - shared_utils.data_loader - INFO -   languages: {'eng': 2676}
2026-01-06 23:00:28,083 - shared_utils.data_loader - INFO -   avg_text_length: 12.379297458893872
2026-01-06 23:00:28,084 - shared_utils.data_loader - INFO -   min_text_length: 4
2026-01-06 23:00:28,084 - shared_utils.data_loader - INFO -   max_text_length: 60
2026-01-06 23:00:28,084 - shared_utils.data_loader - INFO -   polarization_distribution: {0: 1674, 1: 1002}
2026-01-06 23:00:28,084 - shared_utils.utils - INFO - 
--- Training SVM for ENG ---
2026-01-06 23:00:28,084 - shared_utils.utils - INFO - ==================================================
2026-01-06 23:00:28,084 - shared_utils.utils - INFO - Training SVM Model for ENG
2026-01-06 23:00:28,084 - shared_utils.utils - INFO - ==================================================
2026-01-06 23:00:28,387 - shared_utils.utils - INFO - Training on 2676 samples...
2026-01-06 23:00:29,980 - shared_utils.utils - INFO - Model saved to subtask1/models/svm\svm_eng.joblib
2026-01-06 23:00:29,980 - shared_utils.utils - INFO - 
--- Making predictions with SVM for ENG ---
2026-01-06 23:00:30,018 - shared_utils.utils - INFO - ENG predictions (svm) saved to subtask1/models/svm\test_predictions_eng.csv (133 samples)
2026-01-06 23:00:30,018 - shared_utils.utils - INFO - 
--- Training XLM_ROBERTA for ENG ---
2026-01-06 23:00:30,019 - shared_utils.utils - INFO - ==================================================
2026-01-06 23:00:30,019 - shared_utils.utils - INFO - Training xlm_roberta Model for ENG
2026-01-06 23:00:30,019 - shared_utils.utils - INFO - ==================================================
2026-01-06 23:00:33,305 - shared_utils.utils - INFO - Using device: cuda
2026-01-06 23:00:33,306 - shared_utils.utils - INFO - Loading pretrained model: xlm-roberta-base
2026-01-06 23:00:39,321 - shared_utils.utils - INFO - Starting training...
2026-01-06 23:04:39,066 - shared_utils.utils - INFO - Epoch 1 - Train Loss: 0.6498
2026-01-06 23:07:59,334 - shared_utils.utils - INFO - Epoch 2 - Train Loss: 0.4996
2026-01-06 23:11:10,173 - shared_utils.utils - INFO - Epoch 3 - Train Loss: 0.4597
2026-01-06 23:11:11,856 - shared_utils.utils - INFO - Model saved to subtask1/models/xlm_roberta\eng
2026-01-06 23:11:11,865 - shared_utils.utils - INFO - 
--- Making predictions with XLM_ROBERTA for ENG ---
2026-01-06 23:11:37,440 - shared_utils.utils - INFO - ENG predictions (xlm_roberta) saved to subtask1/models/xlm_roberta\test_predictions_eng.csv (133 samples)
2026-01-06 23:11:37,441 - shared_utils.utils - INFO - 
--- Training REMBERT for ENG ---
2026-01-06 23:11:37,441 - shared_utils.utils - INFO - ==================================================
2026-01-06 23:11:37,442 - shared_utils.utils - INFO - Training rembert Model for ENG
2026-01-06 23:11:37,442 - shared_utils.utils - INFO - ==================================================
2026-01-06 23:11:37,455 - shared_utils.utils - INFO - Using device: cuda
2026-01-06 23:11:37,456 - shared_utils.utils - INFO - Loading pretrained model: google/rembert
